Server running at http://localhost:8080
  Web UI:   http://localhost:8080/
  Domains:  http://localhost:8080/api/domains
  Data:     http://localhost:8080/data/
[09:16:08] GET /api/domains HTTP/1.1
[09:16:08] GET /api/domains HTTP/1.1
[09:16:08] GET / HTTP/1.1
[09:16:09] 404[09:16:09] GET /data/letpub/letpub_life_med_raw.json?t=1773710169952 HTTP/1.1
[09:16:09] GET /data/letpub/letpub_life_med_unique.json?t=1773710169952 HTTP/1.1
[09:16:09] GET /favicon.ico HTTP/1.1

[09:16:09] GET /api/domains HTTP/1.1
[09:16:09] 404
[09:16:09] GET /data/2026-03-17-ai.json?t=1773710169995 HTTP/1.1[09:16:09] GET /data/2026-03-17-depression.json?t=1773710169995 HTTP/1.1[09:16:09] 404

[09:16:09] GET /data/2026-03-17-autism.json?t=1773710169995 HTTP/1.1

[09:16:09] 404
[09:16:09] 404
[09:16:09] 404[09:16:09] GET /data/2026-03-17-ad.json?t=1773710169995 HTTP/1.1

[09:16:09] GET /data/2026-03-17-pd.json?t=1773710169995 HTTP/1.1
[09:16:09] GET /data/2026-03-17-adhd.json?t=1773710169995 HTTP/1.1
[09:16:10] 404
[09:16:10] GET /data/2026-03-17-mefmri.json?t=1773710169995 HTTP/1.1
[09:16:10] GET /data/2026-03-17-brainmri.json?t=1773710169995 HTTP/1.1
[09:16:55] 404
[09:16:55] 404[09:16:55] GET /data/2026-03-16-autism.json?t=1773710215413 HTTP/1.1[09:16:55] 404

[09:16:55] 404[09:16:55] 404[09:16:55] GET /data/2026-03-16-adhd.json?t=1773710215413 HTTP/1.1[09:16:55] GET /data/2026-03-16-depression.json?t=1773710215413 HTTP/1.1



[09:16:55] GET /data/2026-03-16-ai.json?t=1773710215413 HTTP/1.1
[09:16:55] GET /data/2026-03-16-pd.json?t=1773710215413 HTTP/1.1

[09:16:55] GET /data/2026-03-16-ad.json?t=1773710215413 HTTP/1.1
[09:16:55] 404
[09:16:55] GET /data/2026-03-16-mefmri.json?t=1773710215413 HTTP/1.1
[09:16:55] GET /data/2026-03-16-brainmri.json?t=1773710215413 HTTP/1.1
[09:17:00] 404[09:17:00] 404

[09:17:00] 404[09:17:00] GET /data/2026-03-15-ai.json?t=1773710220403 HTTP/1.1[09:17:00] GET /data/2026-03-15-autism.json?t=1773710220403 HTTP/1.1

[09:17:00] 404[09:17:00] 404


[09:17:00] GET /data/2026-03-15-adhd.json?t=1773710220403 HTTP/1.1
[09:17:00] GET /data/2026-03-15-depression.json?t=1773710220403 HTTP/1.1[09:17:00] 404[09:17:00] GET /data/2026-03-15-ad.json?t=1773710220403 HTTP/1.1


[09:17:00] GET /data/2026-03-15-pd.json?t=1773710220403 HTTP/1.1
[09:17:00] 404
[09:17:00] GET /data/2026-03-15-mefmri.json?t=1773710220403 HTTP/1.1[09:17:00] 404

[09:17:00] GET /data/2026-03-15-brainmri.json?t=1773710220403 HTTP/1.1
[09:17:03] 404[09:17:03] GET /data/2026-03-14-ai.json?t=1773710223169 HTTP/1.1[09:17:03] 404
[09:17:03] 404
[09:17:03] 404[09:17:03] GET /data/2026-03-14-adhd.json?t=1773710223169 HTTP/1.1

[09:17:03] GET /data/2026-03-14-depression.json?t=1773710223169 HTTP/1.1


[09:17:03] GET /data/2026-03-14-autism.json?t=1773710223169 HTTP/1.1[09:17:03] GET /data/2026-03-14-ad.json?t=1773710223169 HTTP/1.1

[09:17:03] 404
[09:17:03] GET /data/2026-03-14-pd.json?t=1773710223169 HTTP/1.1
[09:17:03] 404
[09:17:03] GET /data/2026-03-14-mefmri.json?t=1773710223169 HTTP/1.1
[09:17:03] GET /data/2026-03-14-brainmri.json?t=1773710223169 HTTP/1.1
[09:17:10] 404[09:17:10] 404
[09:17:10] GET /data/2026-03-17-depression.json?t=1773710230354 HTTP/1.1

[09:17:10] GET /data/2026-03-17-autism.json?t=1773710230354 HTTP/1.1[09:17:10] GET /data/2026-03-17-ai.json?t=1773710230354 HTTP/1.1

[09:17:10] 404
[09:17:10] GET /data/2026-03-17-ad.json?t=1773710230354 HTTP/1.1[09:17:10] 404
[09:17:10] 404

[09:17:10] GET /data/2026-03-17-adhd.json?t=1773710230354 HTTP/1.1[09:17:10] GET /data/2026-03-17-pd.json?t=1773710230354 HTTP/1.1

[09:17:10] 404
[09:17:10] GET /data/2026-03-17-mefmri.json?t=1773710230354 HTTP/1.1
[09:17:10] GET /data/2026-03-17-brainmri.json?t=1773710230354 HTTP/1.1
[09:17:13] GET /data/2026-03-16-ai.json?t=1773710233535 HTTP/1.1[09:17:13] 404[09:17:13] 404


[09:17:13] 404
[09:17:13] GET /data/2026-03-16-depression.json?t=1773710233535 HTTP/1.1[09:17:13] 404[09:17:13] GET /data/2026-03-16-autism.json?t=1773710233535 HTTP/1.1
[09:17:13] GET /data/2026-03-16-ad.json?t=1773710233535 HTTP/1.1


[09:17:13] 404
[09:17:13] GET /data/2026-03-16-pd.json?t=1773710233535 HTTP/1.1[09:17:13] GET /data/2026-03-16-adhd.json?t=1773710233535 HTTP/1.1

[09:17:13] 404
[09:17:13] GET /data/2026-03-16-mefmri.json?t=1773710233535 HTTP/1.1
[09:17:13] GET /data/2026-03-16-brainmri.json?t=1773710233535 HTTP/1.1
[09:17:15] 404
[09:17:15] GET /data/2026-03-15-ai.json?t=1773710235336 HTTP/1.1
[09:17:15] 404[09:17:15] 404
[09:17:15] GET /data/2026-03-15-depression.json?t=1773710235336 HTTP/1.1
[09:17:15] 404

[09:17:15] GET /data/2026-03-15-adhd.json?t=1773710235336 HTTP/1.1[09:17:15] GET /data/2026-03-15-autism.json?t=1773710235336 HTTP/1.1

[09:17:15] 404[09:17:15] 404
[09:17:15] GET /data/2026-03-15-pd.json?t=1773710235336 HTTP/1.1

[09:17:15] GET /data/2026-03-15-mefmri.json?t=1773710235336 HTTP/1.1[09:17:15] 404

[09:17:15] GET /data/2026-03-15-ad.json?t=1773710235336 HTTP/1.1
[09:17:15] 404
[09:17:15] GET /data/2026-03-15-brainmri.json?t=1773710235336 HTTP/1.1
[09:17:18] GET /data/2026-03-16-ai.json?t=1773710238251 HTTP/1.1
[09:17:18] 404[09:17:18] 404
[09:17:18] 404[09:17:18] GET /data/2026-03-16-depression.json?t=1773710238251 HTTP/1.1[09:17:18] 404

[09:17:18] GET /data/2026-03-16-adhd.json?t=1773710238251 HTTP/1.1
[09:17:18] 404
[09:17:18] GET /data/2026-03-16-ad.json?t=1773710238251 HTTP/1.1
[09:17:18] GET /data/2026-03-16-pd.json?t=1773710238251 HTTP/1.1


[09:17:18] GET /data/2026-03-16-autism.json?t=1773710238251 HTTP/1.1
[09:17:18] 404
[09:17:18] GET /data/2026-03-16-mefmri.json?t=1773710238251 HTTP/1.1
[09:17:18] GET /data/2026-03-16-brainmri.json?t=1773710238251 HTTP/1.1
[10:31:05] GET / HTTP/1.1
[10:31:12] GET /data/letpub/letpub_life_med_raw.json?t=1773801072372 HTTP/1.1
[10:31:12] GET /data/letpub/letpub_life_med_unique.json?t=1773801072372 HTTP/1.1
[10:31:12] GET /api/domains HTTP/1.1
[10:31:12] GET /data/2026-03-18-depression.json?t=1773801072391 HTTP/1.1[10:31:12] GET /data/2026-03-18-adhd.json?t=1773801072391 HTTP/1.1[10:31:12] GET /data/2026-03-18-ai.json?t=1773801072391 HTTP/1.1

[10:31:12] GET /data/2026-03-18-ad.json?t=1773801072391 HTTP/1.1
[10:31:12] GET /data/2026-03-18-autism.json?t=1773801072391 HTTP/1.1

[10:31:12] GET /data/2026-03-18-pd.json?t=1773801072391 HTTP/1.1
[10:31:12] 404
[10:31:12] GET /data/2026-03-18-brainmri.json?t=1773801072391 HTTP/1.1[10:31:12] GET /data/2026-03-18-mefmri.json?t=1773801072391 HTTP/1.1

[10:15:51] GET / HTTP/1.1
[10:15:53] GET /data/letpub/letpub_life_med_raw.json?t=1773886553439 HTTP/1.1[10:15:53] GET /data/letpub/letpub_life_med_unique.json?t=1773886553439 HTTP/1.1

[10:15:53] GET /api/domains HTTP/1.1
[10:15:53] 404[10:15:53] 404
[10:15:53] 404

[10:15:53] GET /data/2026-03-19-ai.json?t=1773886553458 HTTP/1.1[10:15:53] GET /data/2026-03-19-autism.json?t=1773886553458 HTTP/1.1[10:15:53] GET /data/2026-03-19-depression.json?t=1773886553458 HTTP/1.1[10:15:53] GET /data/2026-03-19-adhd.json?t=1773886553458 HTTP/1.1


[10:15:53] 404

[10:15:53] GET /data/2026-03-19-ad.json?t=1773886553458 HTTP/1.1
[10:15:53] 404
[10:15:53] 404
[10:15:53] GET /data/2026-03-19-pd.json?t=1773886553458 HTTP/1.1[10:15:53] GET /data/2026-03-19-mefmri.json?t=1773886553458 HTTP/1.1

[10:15:53] GET /data/2026-03-19-brainmri.json?t=1773886553458 HTTP/1.1
[11:58:10] GET / HTTP/1.1
[11:58:11] GET /data/letpub/letpub_life_med_unique.json?t=1773979091468 HTTP/1.1
[11:58:11] GET /data/letpub/letpub_life_med_raw.json?t=1773979091468 HTTP/1.1
[11:58:11] GET /api/domains HTTP/1.1
[11:58:11] GET /data/2026-03-20-ai.json?t=1773979091488 HTTP/1.1
[11:58:11] 404
[11:58:11] 404[11:58:11] GET /data/2026-03-20-autism.json?t=1773979091488 HTTP/1.1

[11:58:11] GET /data/2026-03-20-depression.json?t=1773979091488 HTTP/1.1
[11:58:11] 404
[11:58:11] GET /data/2026-03-20-adhd.json?t=1773979091488 HTTP/1.1[11:58:11] 404

[11:58:11] GET /data/2026-03-20-ad.json?t=1773979091488 HTTP/1.1
[11:58:11] 404
[11:58:11] GET /data/2026-03-20-pd.json?t=1773979091488 HTTP/1.1
[11:58:11] 404
[11:58:11] GET /data/2026-03-20-brainmri.json?t=1773979091488 HTTP/1.1[11:58:11] GET /data/2026-03-20-mefmri.json?t=1773979091488 HTTP/1.1

[10:06:51] GET / HTTP/1.1
[10:06:53] GET /data/letpub/letpub_life_med_unique.json?t=1774231613581 HTTP/1.1[10:06:53] GET /data/letpub/letpub_life_med_raw.json?t=1774231613581 HTTP/1.1

[10:06:53] GET /api/domains HTTP/1.1
[10:06:53] 404[10:06:53] 404

[10:06:53] GET /data/2026-03-23-depression.json?t=1774231613606 HTTP/1.1[10:06:53] 404

[10:06:53] GET /data/2026-03-23-autism.json?t=1774231613606 HTTP/1.1[10:06:53] GET /data/2026-03-23-adhd.json?t=1774231613606 HTTP/1.1
[10:06:53] GET /data/2026-03-23-ai.json?t=1774231613606 HTTP/1.1

[10:06:53] 404
[10:06:53] GET /data/2026-03-23-ad.json?t=1774231613606 HTTP/1.1
[10:06:53] 404
[10:06:53] GET /data/2026-03-23-pd.json?t=1774231613606 HTTP/1.1[10:06:53] 404
[10:06:53] GET /data/2026-03-23-mefmri.json?t=1774231613606 HTTP/1.1

[10:06:53] GET /data/2026-03-23-brainmri.json?t=1774231613606 HTTP/1.1
[11:19:42] GET / HTTP/1.1
[11:19:44] GET /data/letpub/letpub_life_med_raw.json?t=1774235984086 HTTP/1.1
[11:19:44] GET /data/letpub/letpub_life_med_unique.json?t=1774235984086 HTTP/1.1
[11:19:44] GET /api/domains HTTP/1.1
[11:19:44] 404[11:19:44] GET /data/2026-03-23-ai.json?t=1774235984124 HTTP/1.1

[11:19:44] 404[11:19:44] 404[11:19:44] GET /data/2026-03-23-autism.json?t=1774235984124 HTTP/1.1
[11:19:44] 404


[11:19:44] 404[11:19:44] GET /data/2026-03-23-adhd.json?t=1774235984124 HTTP/1.1[11:19:44] GET /data/2026-03-23-pd.json?t=1774235984124 HTTP/1.1[11:19:44] GET /data/2026-03-23-depression.json?t=1774235984124 HTTP/1.1



[11:19:44] GET /data/2026-03-23-ad.json?t=1774235984124 HTTP/1.1[11:19:44] GET /data/2026-03-23-brainmri.json?t=1774235984124 HTTP/1.1
[11:19:44] 404

[11:19:44] GET /data/2026-03-23-mefmri.json?t=1774235984124 HTTP/1.1
[09:59:48] GET / HTTP/1.1
[09:59:50] GET /data/letpub/letpub_life_med_unique.json?t=1774403990744 HTTP/1.1
[09:59:50] GET /data/letpub/letpub_life_med_raw.json?t=1774403990744 HTTP/1.1
[09:59:50] GET /api/domains HTTP/1.1
[09:59:50] GET /data/2026-03-25-ai.json?t=1774403990771 HTTP/1.1
[09:59:50] 404
[09:59:50] GET /data/2026-03-25-autism.json?t=1774403990771 HTTP/1.1
[09:59:50] 404
[09:59:50] GET /data/2026-03-25-depression.json?t=1774403990771 HTTP/1.1
[09:59:50] 404
[09:59:50] GET /data/2026-03-25-adhd.json?t=1774403990771 HTTP/1.1
[09:59:50] 404
[09:59:50] GET /data/2026-03-25-ad.json?t=1774403990771 HTTP/1.1
[09:59:50] 404[09:59:50] 404

[09:59:50] GET /data/2026-03-25-pd.json?t=1774403990771 HTTP/1.1[09:59:50] GET /data/2026-03-25-mefmri.json?t=1774403990771 HTTP/1.1

[09:59:50] GET /data/2026-03-25-brainmri.json?t=1774403990771 HTTP/1.1
[09:58:35] GET /data/letpub/letpub_life_med_unique.json?t=1774490315199 HTTP/1.1[09:58:35] GET /data/letpub/letpub_life_med_raw.json?t=1774490315199 HTTP/1.1

[09:58:35] 404
[09:58:35] GET /favicon.ico HTTP/1.1
[09:58:35] GET /api/domains HTTP/1.1
[09:58:35] 404
[09:58:35] GET /data/2026-03-26-depression.json?t=1774490315215 HTTP/1.1[09:58:35] GET /data/2026-03-26-ai.json?t=1774490315215 HTTP/1.1

[09:58:35] 404
[09:58:35] GET /data/2026-03-26-autism.json?t=1774490315215 HTTP/1.1
[09:58:35] 404
[09:58:35] GET /data/2026-03-26-ad.json?t=1774490315215 HTTP/1.1
[09:58:35] 404
[09:58:35] 404
[09:58:35] GET /data/2026-03-26-adhd.json?t=1774490315215 HTTP/1.1
[09:58:35] GET /data/2026-03-26-pd.json?t=1774490315215 HTTP/1.1
[09:58:35] 404
[09:58:35] GET /data/2026-03-26-mefmri.json?t=1774490315215 HTTP/1.1
[09:58:35] GET /data/2026-03-26-brainmri.json?t=1774490315215 HTTP/1.1
[09:59:09] 404[09:59:09] GET /data/2026-03-25-ai.json?t=1774490349870 HTTP/1.1[09:59:09] 404[09:59:09] 404[09:59:09] 404



[09:59:09] GET /data/2026-03-25-autism.json?t=1774490349870 HTTP/1.1[09:59:09] GET /data/2026-03-25-depression.json?t=1774490349870 HTTP/1.1[09:59:09] 404

[09:59:09] GET /data/2026-03-25-ad.json?t=1774490349870 HTTP/1.1


[09:59:09] GET /data/2026-03-25-pd.json?t=1774490349870 HTTP/1.1
[09:59:09] GET /data/2026-03-25-adhd.json?t=1774490349870 HTTP/1.1
[09:59:09] 404
[09:59:09] GET /data/2026-03-25-mefmri.json?t=1774490349870 HTTP/1.1
[09:59:09] GET /data/2026-03-25-brainmri.json?t=1774490349870 HTTP/1.1
[09:59:12] GET /data/2026-03-24-depression.json?t=1774490352922 HTTP/1.1[09:59:12] GET /data/2026-03-24-ai.json?t=1774490352922 HTTP/1.1[09:59:12] GET /data/2026-03-24-autism.json?t=1774490352922 HTTP/1.1


[09:59:12] GET /data/2026-03-24-adhd.json?t=1774490352922 HTTP/1.1
[09:59:12] GET /data/2026-03-24-ad.json?t=1774490352922 HTTP/1.1[09:59:12] GET /data/2026-03-24-pd.json?t=1774490352922 HTTP/1.1

[09:59:12] 404
[09:59:12] GET /data/2026-03-24-mefmri.json?t=1774490352922 HTTP/1.1
[09:59:12] GET /data/2026-03-24-brainmri.json?t=1774490352922 HTTP/1.1
[09:59:36] GET /data/2026-03-21-ai.json?t=1774490376467 HTTP/1.1
[09:59:36] GET /data/2026-03-21-autism.json?t=1774490376467 HTTP/1.1
[09:59:36] GET /data/2026-03-21-depression.json?t=1774490376467 HTTP/1.1
[09:59:36] GET /data/2026-03-21-ad.json?t=1774490376467 HTTP/1.1
[09:59:36] GET /data/2026-03-21-pd.json?t=1774490376467 HTTP/1.1[09:59:36] GET /data/2026-03-21-adhd.json?t=1774490376467 HTTP/1.1

[09:59:36] 404
[09:59:36] GET /data/2026-03-21-mefmri.json?t=1774490376467 HTTP/1.1
[09:59:36] GET /data/2026-03-21-brainmri.json?t=1774490376467 HTTP/1.1
[14:32:46] GET /data/letpub/letpub_life_med_raw.json?t=1774506766209 HTTP/1.1[14:32:46] GET /data/letpub/letpub_life_med_unique.json?t=1774506766209 HTTP/1.1

[14:32:46] GET /api/domains HTTP/1.1
[14:32:46] 404
[14:32:46] GET /data/2026-03-26-autism.json?t=1774506766223 HTTP/1.1
[14:32:46] 404
[14:32:46] GET /data/2026-03-26-depression.json?t=1774506766223 HTTP/1.1
[14:32:46] GET /data/2026-03-26-ai.json?t=1774506766223 HTTP/1.1
[14:32:46] 404
[14:32:46] GET /data/2026-03-26-adhd.json?t=1774506766223 HTTP/1.1
[14:32:46] 404
[14:32:46] 404[14:32:46] 404[14:32:46] GET /data/2026-03-26-ad.json?t=1774506766223 HTTP/1.1
[14:32:46] GET /data/2026-03-26-mefmri.json?t=1774506766223 HTTP/1.1


[14:32:46] GET /data/2026-03-26-pd.json?t=1774506766223 HTTP/1.1
[14:32:46] GET /data/2026-03-26-brainmri.json?t=1774506766223 HTTP/1.1
[16:06:02] HEAD / HTTP/1.1
[16:06:22] GET / HTTP/1.1
